// Jest Snapshot v1, https://goo.gl/fbAQLP

exports[`Should render add expense page correctly 1`] = `
<div>
  <h1>
    Add Expense
  </h1>
  <p>
    This is where you add expenses. Expenses are bad. Don't add too many.
  </p>
  <ExpenseForm
    onSubmit={[Function]}
  />
</div>
`;
