// Jest Snapshot v1, https://goo.gl/fbAQLP

exports[`Should render ExpenseDashboardPage component 1`] = `
<div>
  This dashboard will help you steer your expense spaceship into financial freedom.
  <Connect(ExpenseListFilters) />
  <Connect(ExpenseList) />
</div>
`;
