// Jest Snapshot v1, https://goo.gl/fbAQLP

exports[`Should render LoginPage correctly 1`] = `
<div
  className="box-layout"
>
  <div
    className="box-layout__box"
  >
    <h1
      className="box-layout__title"
    >
      FitCoin
    </h1>
    <p>
      Hardcore fitness for all your coins. Whip your finances into shape!
    </p>
    <button
      className="button"
    >
      Login with Google
    </button>
  </div>
</div>
`;
